// Jest Snapshot v1, https://goo.gl/fbAQLP

exports[`compiles correctly 1`] = `""`;
