// Jest Snapshot v1, https://goo.gl/fbAQLP

exports[`compiles correctly 1`] = `
".tp-form-note {
  margin-top: 4px;
  font-size: 12px; }

.tp-form-note--bad-news {
  color: #ff5a5f; }
"
`;
