// Jest Snapshot v1, https://goo.gl/fbAQLP

exports[`compiles correctly 1`] = `
".tp-textarea {
  width: 100%;
  border: 1px solid #d3d4d5;
  border-radius: 4px;
  font-size: 16px;
  line-height: 24px;
  padding: 10px 14px;
  vertical-align: middle;
  resize: vertical;
  height: 152px;
  min-height: 104px; }
  .tp-textarea:focus {
    border-color: #009fd9; }
  .tp-textarea--bad-news {
    border-color: #ff5a5f;
    color: #ff5a5f; }
  .tp-textarea[disabled], .tp-textarea--disabled {
    background-color: #fafafa;
    color: #d3d4d5; }
"
`;
