// Jest Snapshot v1, https://goo.gl/fbAQLP

exports[`compiles correctly 1`] = `
".tp-img {
  display: block;
  max-width: 100%; }
  .tp-img--round {
    border-radius: 4px; }
  .tp-img--circle {
    border-radius: 50%; }
  .tp-img--border {
    border: 1px solid #e9eced; }
  .tp-img[width], .tp-img[height] {
    max-width: none; }

a .tp-img {
  border: 0; }
"
`;
