// Jest Snapshot v1, https://goo.gl/fbAQLP

exports[`compiles correctly 1`] = `
"body {
  color: #2f3033;
  font-family: Mark, Avenir, Helvetica, Arial, sans-serif;
  font-size: 16px;
  line-height: 1.6;
  -webkit-font-smoothing: antialiased;
  -moz-osx-font-smoothing: grayscale; }
  @media (max-width: 481px) {
    body.tp-body-text-responsive {
      font-size: 14px; } }
"
`;
